CGTN,https://0472.org/hls/cgtn.m3u8
CGTN,http://english-livetx.cgtn.com/hls/yypdyyctzb_hd.m3u8
CGTN俄语,https://0472.org/hls/cgtne.m3u8
CGTN俄语,http://russian-livews.cgtn.com/hls/LSvexABhNipibK5KRuUkvHZ7220802LSTeze9o8tdFXMHsb1VosgoT220802cd.m3u8
CGTN法语,https://0472.org/hls/cgtnf.m3u8
CGTN法语,http://espanol-liveali.cgtn.com/hls/LSveOGBaBw41Ea7ukkVAUdKQ220802LSTexu6xAuFH8VZNBLE1ZNEa220802cd.m3u8
CGTN纪录,https://0472.org/hls/cgtnd.m3u8
CGTN纪录,https://english-livetx.cgtn.com/hls/yypdjlctzb_hd.m3u8
CGTN西语,https://0472.org/hls/cgtnx.m3u8
CGTN阿语,https://0472.org/hls/cgtna.m3u8
中国交通,http://drive.mxmy.net:8888/udp/239.3.1.188:8001
熊猫直播,https://gcwbndali.v.myalicdn.com/gcwbnd/ipanda1000_2/index.m3u8
直播中国,https://gcalic.v.myalicdn.com/gc/wgw05_1/index.m3u8?contentid=2820180516001
支持作者,https://vd3.bdstatic.com/mda-rkaittm5s06vzzyq/sc/cae_h264/1762869883709304452/mda-rkaittm5s06vzzyq.mp4
兵团卫视,http://183.11.239.36:808/hls/7/index.m3u8
兵团卫视,http://120.76.248.139/live/bfgd/4200000124.m3u8
兵团卫视,http://218.13.170.98:9901/tsfile/live/0115_1.m3u8
海峡卫视,http://8.138.7.223/tv/hxws.m3u8
海峡卫视,http://38.64.72.148:80/hls/modn/list/4009/chunklist0.m3u8
海峡卫视,http://38.64.72.148:80/hls/modn/list/4009/playlist.m3u8
海峡卫视,http://hlsbkmgsplive.miguvideo.com/migu/kailu/haixiaws/57/20230724/01.m3u8?msisdn=&Channel_ID=&ContentId=&HlsSubType=&HlsProfileId=&encrypt=
农林卫视,http://120.76.248.139/live/bfgd/4200000122.m3u8
农林卫视,http://8.138.7.223/【公众号：榴芒电视】/农林卫视.m3u8
农林卫视,http://124.116.183.146:9901/tsfile/live/1004_1.m3u8
农林卫视,http://124.116.183.146:9901/tsfile/live/1004_1.m3u8?key=txiptv&playlive=1&authid=0
东方卫视4K,https://bp-resource-dfl.bestv.cn/148/3/video.m3u8
东森亚洲卫视,https://p2hs.vzan.com/slowlive/821481626725612419/live.m3u8
苏州4K,https://tylive.kan0512.com/norecord/csztv4k_4k.m3u8
科幻电影,https://yylunbo.ottiptv.cc/yy/1354930209
科幻电影,https://yylunbo.ottiptv.cc/yy/1355065896
凤凰电影,http://iot-mqqt.111yao.cn:8080/live/diyp_fhdy.m3u8
龙华电影,https://cdn8.163189.xyz/live/lhdy/stream.m3u8
AMC电影,http://61.221.215.25:8800/hls/43/index.m3u8
1930年代经典电影,https://yylunbo.ottiptv.cc/yy/1356363815
8090电影一哥,https://yylunbo.ottiptv.cc/yy/29197808
CHC电影,http://183.237.95.108:9901/tsfile/live/1008_1.m3u8?key=txiptv&playlive=0&authid=0
YY果国际电影频道,https://yylunbo.ottiptv.cc/yy/1382627144
人在囧途,https://vip.ffzy-play.com/20221018/1953_2d6ba500/index.m3u8
人在囧途之泰囧,https://vip.ffzy-play.com/20221018/1951_47e1adc8/index.m3u8
使徒行者,http://www.douzhicloud.site:35455/huya/23734256
倩女幽魂人间道,http://jsmov2.a.yximgs.com/bs3/video-hls/5250634317044855747_hlsb.m3u8
倩女幽魂妖魔道,http://jsmov2.a.yximgs.com/bs3/video-hls/5232901391302199073_hlsb.m3u8
倩女幽魂道道道,http://jsmov2.a.yximgs.com/bs3/video-hls/5216294367991385255_hlsb.m3u8
冰冰影剧,http://www.douzhicloud.site:35455/douyu/74374
刀刀影院,http://www.douzhicloud.site:35455/douyu/747764
刑事侦缉档案,http://www.douzhicloud.site:35455/huya/29465856
创世纪,http://www.douzhicloud.site:35455/huya/29465852
功夫电影,http://www.douzhicloud.site:35455/huya/11352941
华语影视,http://www.douzhicloud.site:35455/douyu/3928
古天乐电影,http://www.douzhicloud.site:35455/huya/29982675
古装武侠,http://www.douzhicloud.site:35455/douyu/2793084
史诗级科幻电影阿凡达,https://yylunbo.ottiptv.cc/yy/1382735577
周星驰搞笑电影,https://yylunbo.ottiptv.cc/yy/38670875
周星驰电影,http://www.douzhicloud.site:35455/huya/11342412
国产动作电影,https://yylunbo.ottiptv.cc/yy/1382736858
国产大片电影,https://yylunbo.ottiptv.cc/yy/1354926655
国产电影就是闹着玩的,https://yylunbo.ottiptv.cc/yy/1354931503
国内经典动作电影,https://yylunbo.ottiptv.cc/yy/1382851522
夏洛特烦恼国内电影喜剧,https://yylunbo.ottiptv.cc/yy/1354936201
大江大河2高分影视推荐,https://yylunbo.ottiptv.cc/yy/1382736797
大江大河高分影视推荐,https://yylunbo.ottiptv.cc/yy/1382736806
大进军全集红色系列电影,https://yylunbo.ottiptv.cc/yy/1382745083
奇幻冒险电影凯斯宾王子的魔法征途,https://yylunbo.ottiptv.cc/yy/1354926671
妙手仁心,http://www.douzhicloud.site:35455/huya/29465853
寒战,https://vip.ffzy-play6.com/20221019/157_bf0740ee/index.m3u8
寻秦记,http://www.douzhicloud.site:35455/huya/29465848
岳云鹏宋小宝也来演电影了,https://yylunbo.ottiptv.cc/yy/1354926612
广东影视,http://119.32.12.17:2901/udp/224.1.100.11:11111
影视小艺,https://yylunbo.ottiptv.cc/yy/1382737886
怪兽电影,http://www.douzhicloud.site:35455/huya/21059577
怪医文三块影视剧,https://yylunbo.ottiptv.cc/yy/1354936154
悬疑武侠电影九门,https://yylunbo.ottiptv.cc/yy/1382828768
成龙电影,http://www.douzhicloud.site:35455/huya/11342386
战争电影,http://www.douzhicloud.site:35455/huya/21059574
扫黄先锋,http://www.douzhicloud.site:35455/huya/29465855
拆弹专家2,https://vip.ffzy-online.com/20221015/722_e32c42bc/index.m3u8
斗鱼港剧,http://www.douzhicloud.site:35455/douyu/5061550
无心法师,http://www.douzhicloud.site:35455/huya/30080233
晨晨的影视小窝,https://yylunbo.ottiptv.cc/yy/1382851576
末日电影合集,http://www.douzhicloud.site:35455/yy/1354889019
末日系列外国电影合集,https://yylunbo.ottiptv.cc/yy/1354889019
李连杰电影,http://www.douzhicloud.site:35455/huya/11342390
林正英经典电影,https://yylunbo.ottiptv.cc/yy/34229877
梅艳芳主演喜剧电影,https://yylunbo.ottiptv.cc/yy/1382735627
楚汉骄雄,http://www.douzhicloud.site:35455/huya/29465854
橙记港剧,http://www.douzhicloud.site:35455/douyu/4549169
欧美配音电影,https://yylunbo.ottiptv.cc/yy/1354693629
武侠电影,http://www.douzhicloud.site:35455/huya/11342427
洗冤录,http://www.douzhicloud.site:35455/huya/29465851
活佛济公3,http://www.douzhicloud.site:35455/huya/23903123
热血抗日电影,https://yylunbo.ottiptv.cc/yy/1382749907
热门港剧,http://www.douzhicloud.site:35455/douyu/5522351
爆笑电影王牌大贱谍23,https://yylunbo.ottiptv.cc/yy/1382735556
狄仁杰电影,http://www.douzhicloud.site:35455/huya/30080229
王晶电影,http://www.douzhicloud.site:35455/huya/11602058
珍珠港电影,https://yylunbo.ottiptv.cc/yy/1354936234
甄子丹电影,http://www.douzhicloud.site:35455/huya/11352935
电影,https://yylunbo.ottiptv.cc/yy/37454459
电影刘德华,http://live.metshop.top/huya/11342424?cdn=alicdn
电影动作电影,http://live.metshop.top/huya/11602077?cdn=alicdn
电影周星星,http://live.metshop.top/huya/11336587?cdn=alicdn
电影战争片,http://live.metshop.top/huya/21059574?cdn=alicdn
电影搞笑喜剧,http://live.metshop.top/huya/11342423?cdn=alicdn
电影梁家辉,http://live.metshop.top/huya/11342429?cdn=alicdn
电影百团大战,https://yylunbo.ottiptv.cc/yy/1382736871
电影蜘蛛侠,http://live.metshop.top/huya/21059599?cdn=alicdn
电影谍战,http://live.metshop.top/huya/21059585?cdn=alicdn
电影贺岁,http://live.metshop.top/huya/11601971?cdn=alicdn
电影高分动作,http://live.metshop.top/huya/11352884?cdn=alicdn
电影黑豹,https://yylunbo.ottiptv.cc/yy/1382736816
神雕侠侣,http://www.douzhicloud.site:35455/huya/23865171
粟裕大将影视,https://yylunbo.ottiptv.cc/yy/1354926542
精彩动作电影,https://yylunbo.ottiptv.cc/yy/1382736823
精彩动作电影享不停,https://yylunbo.ottiptv.cc/yy/1382736809
经典剧集,http://www.douzhicloud.site:35455/douyu/6863367
经典港片电影,https://yylunbo.ottiptv.cc/yy/1459801818
经典电影港片枪战,https://yylunbo.ottiptv.cc/yy/1355076627
罪犯电影,http://www.douzhicloud.site:35455/huya/11352962
老卓电影,https://yylunbo.ottiptv.cc/yy/1354770516
西游记2,http://www.douzhicloud.site:35455/huya/29465859
谍战电影,http://www.douzhicloud.site:35455/huya/21059585
贝爷求生,http://www.douzhicloud.site:35455/douyu/4332
贺岁电影,http://www.douzhicloud.site:35455/huya/11601986
超精彩系列动作电影,https://yylunbo.ottiptv.cc/yy/1382745096
远去的飞鹰影视剧,https://yylunbo.ottiptv.cc/yy/1354930912
